ERROR: Failed to open 'user://logs/godot2026-09-18T00.56.04.log'.
   at: copy (core/io/dir_access.cpp:429)
ERROR: Failed to open log file for writing: user://logs/godot.log
   at: rotate_file (core/io/logger.cpp:169)
Godot Engine v4.7.2.stable.official.ed1daf0bf - https://godotengine.org

ERROR: Failed to read the root certificate store.
   at: get_system_ca_certificates (platform/windows/os_windows.cpp:2582)
ERROR: Unable to start the timer because it's not inside the scene tree. Either add it or set autostart to true.
   at: start (scene/main/timer.cpp:120)
   GDScript backtrace (most recent call first):
       [0] _build_progression_controls (res://scripts/planetary/PlanetaryView.gd:7394)
       [1] _build_planet_overview (res://scripts/planetary/PlanetaryView.gd:2412)
       [2] _refresh_pois (res://scripts/planetary/PlanetaryView.gd:565)
       [3] load_planet (res://scripts/planetary/PlanetaryView.gd:493)
       [4] _ready (res://scripts/planetary/PlanetaryView.gd:138)
ERROR: Unable to start the timer because it's not inside the scene tree. Either add it or set autostart to true.
   at: start (scene/main/timer.cpp:120)
   GDScript backtrace (most recent call first):
       [0] _build_progression_controls (res://scripts/planetary/PlanetaryView.gd:7394)
       [1] _build_planet_overview (res://scripts/planetary/PlanetaryView.gd:2412)
       [2] load_planet (res://scripts/planetary/PlanetaryView.gd:497)
       [3] _ready (res://scripts/planetary/PlanetaryView.gd:138)
ERROR: 9 RID allocations of type 'PN13RendererDummy14TextureStorage12DummyTextureE' were leaked at exit.
WARNING: 2 RIDs of type "CanvasItem" were leaked.
   at: _free_rids (servers/rendering/renderer_canvas_cull.cpp:2735)
ERROR: 9 RID allocations of type 'PN18TextServerAdvanced22ShapedTextDataAdvancedE' were leaked at exit.
WARNING: 73 ObjectDB instances were leaked at exit (run with `--verbose` for details).
   at: cleanup (core/object/object.cpp:2536)
ERROR: 2 RID allocations of type 'PN18TextServerAdvanced12FontAdvancedE' were leaked at exit.
ERROR: 6 resources still in use at exit (run with --verbose for details).
   at: clear (core/io/resource.cpp:822)
